<html>
<body>
<pre>
<h1>µVision Build Log</h1>
<h2>Tool Versions:</h2>
IDE-Version: µVision V5.33.0.0
Copyright (C) 2020 ARM Ltd and ARM Germany GmbH. All rights reserved.
License Information: Luca Mannini, Politecnico di Torino, LIC=----
 
Tool Versions:
Toolchain:       MDK-Lite  Version: 5.33.0.0
Toolchain Path:  C:\Keil_v5\ARM\ARMCC\Bin
C Compiler:      Armcc.exe V5.06 update 7 (build 960)
Assembler:       Armasm.exe V5.06 update 7 (build 960)
Linker/Locator:  ArmLink.exe V5.06 update 7 (build 960)
Library Manager: ArmAr.exe V5.06 update 7 (build 960)
Hex Converter:   FromElf.exe V5.06 update 7 (build 960)
CPU DLL:         SARMCM3.DLL V5.33.0.0
Dialog DLL:      DARMP1.DLL V1.27.0.0
Target DLL:      UL2CM3.DLL V1.163.9.0
Dialog DLL:      TARMP1.DLL V1.26.0.0
 
<h2>Project:</h2>
F:\Università\Magistrale\Architetture dei Sistemi di Elaborazione\Labs\extra_points_2\sample.uvprojx
Project File Date:  01/17/2021

<h2>Output:</h2>
*** Using Compiler 'V5.06 update 7 (build 960)', folder: 'C:\Keil_v5\ARM\ARMCC\Bin'
Build target 'Target 1'
compiling IRQ_RIT.c...
RIT\../variables.h(17): warning:  #1295-D: Deprecated declaration game_init - give arg types
  extern void game_init();
RIT\../variables.h(24): warning:  #1295-D: Deprecated declaration buttonRun - give arg types
  extern void buttonRun();
RIT\../variables.h(25): warning:  #1295-D: Deprecated declaration buttonStart - give arg types
  extern void buttonStart();
RIT\../variables.h(26): warning:  #1295-D: Deprecated declaration move - give arg types
  extern void move();
RIT\../variables.h(27): warning:  #1295-D: Deprecated declaration drawButtons - give arg types
  extern void drawButtons(); 
RIT\../variables.h(28): warning:  #1295-D: Deprecated declaration drawBot - give arg types
  extern void drawBot();		
RIT\../variables.h(29): warning:  #1295-D: Deprecated declaration drawGrid - give arg types
  extern void drawGrid();
RIT\../variables.h(30): warning:  #1295-D: Deprecated declaration clearBot - give arg types
  extern void clearBot();
RIT\../variables.h(31): warning:  #1295-D: Deprecated declaration restartGame - give arg types
  extern void	restartGame();
RIT\../variables.h(32): warning:  #1295-D: Deprecated declaration startGame - give arg types
  extern void startGame();
RIT\IRQ_RIT.c(41): warning:  #223-D: function "changeMode" declared implicitly
  				changeMode();
RIT\IRQ_RIT.c: 11 warnings, 0 errors
linking...
Program Size: Code=27432 RO-data=1772 RW-data=872 ZI-data=680  
".\sample.axf" - 0 Error(s), 11 Warning(s).

<h2>Software Packages used:</h2>

Package Vendor: ARM
                http://www.keil.com/pack/ARM.CMSIS.5.7.0.pack
                ARM.CMSIS.5.7.0
                CMSIS (Cortex Microcontroller Software Interface Standard)
   * Component: CORE Version: 5.4.0

Package Vendor: Keil
                http://www.keil.com/pack/Keil.LPC1700_DFP.2.6.0.pack
                Keil.LPC1700_DFP.2.6.0
                NXP LPC1700 Series Device Support, Drivers and Examples for MCB1700 and LPC1788-32

<h2>Collection of Component include folders:</h2>
  .\RTE\_Target_1
  C:\Users\Luca\AppData\Local\Arm\Packs\ARM\CMSIS\5.7.0\CMSIS\Core\Include
  C:\Users\Luca\AppData\Local\Arm\Packs\Keil\LPC1700_DFP\2.6.0\Device\Include

<h2>Collection of Component Files used:</h2>

   * Component: ARM::CMSIS:CORE:5.4.0
Build Time Elapsed:  00:00:01
</pre>
</body>
</html>
